// Jest Snapshot v1, https://goo.gl/fbAQLP

exports[`Trailer renders a videoplayer and button correctly 1`] = `ShallowWrapper {}`;
